// Jest Snapshot v1, https://goo.gl/fbAQLP

exports[`exporter.generateOutput 1`] = `
"---
path: "Book Exports/Sönke Ahrens - How to Take Smart Notes_ One Simple Technique to Boost Writing,  Learning and Thinking-Sönke Ahrens (2022).mrexpt"
title: "How to Take Smart Notes. One Simple Technique to Boost Writing,  Learning and Thinking"
author: 
lastExportedTimestamp: 1665321164166
lastExportedID: 12623
tags: 
  - "review/book"
---

## Section 5

- ❓ INTRODUCTION (Location 0 on [[]]) 
## Section 6

- ❓ 1 Everything You Need to Know (Location 0 on [[]]) ##
## Section 7

- ❓ 2 Everything You Need to Do  (Location 0 on [[]]) ##
## Section 8

- ❓ 3 Everything You Need to Have (Location 0 on [[]]) ##
## Section 9

- ❓ 4 A Few Things to Keep in Mind (Location 0 on [[]]) ##
## Section 11

- ❓ 5 Writing Is the Only Thing That Matters (Location 0 on [[]]) ##
## Section 12

- ❓ 6 Simplicity Is Paramount (Location 0 on [[]]) ##
## Section 13

- ❓ 7 Nobody Ever Starts From Scratch (Location 0 on [[]]) ##
## Section 14

- ❓ 8 Let the Work Carry You Forward (Location 0 on [[]]) ##
## Section 16

- ❓ 9 Separate and Interlocking Tasks (Location 0 on [[]]) ##
## Section 17

- ❓ 10 Read for Understanding (Location 0 on [[]]) ##
## Section 18

- ❓ 11 Take Smart Notes (Location 0 on [[]]) ##
## Section 19

- ❓ 12 Develop Ideas (Location 0 on [[]]) ##
## Section 20

- ❓ 13 Share Your Insight (Location 0 on [[]]) ##
## Section 21

- ❓ 14 Make It a Habit (Location 0 on [[]]) ##
## Section 6

- ❓ 1.1 Good Solutions are Simple – and Unexpected (Location 7033 on [[]]) ###
- ❓ 1.2 The Slip-box (Location 15065 on [[]]) ###
- ❓ 1.3 The slip-box manual (Location 27216 on [[]]) ###
"
`;
